<html>
<body>
<pre>
<h1>µVision Build Log</h1>
<h2>Tool Versions:</h2>
IDE-Version: ¦ÌVision V5.42.0.0
Copyright (C) 2025 ARM Ltd and ARM Germany GmbH. All rights reserved.
License Information: herry q13258843359@qq.com, herry, LIC=21E4T-RS2KH-EVE1R-K4D92-Y5SIW-GJT21
 
Tool Versions:
Toolchain:       MDK-ARM Plus  Version: 5.42.0.0
Toolchain Path:  C:\Users\q1325\AppData\Local\Keil_v5\ARM\ARMCC\Bin
C Compiler:      Armcc.exe V5.06 update 5 (build 528)
Assembler:       Armasm.exe V5.06 update 5 (build 528)
Linker/Locator:  ArmLink.exe V5.06 update 5 (build 528)
Library Manager: ArmAr.exe V5.06 update 5 (build 528)
Hex Converter:   FromElf.exe V5.06 update 5 (build 528)
CPU DLL:         SARMCM3.DLL V5.42.0.0
Dialog DLL:      DCM.DLL V1.17.5.0
Target DLL:      STLink\ST-LINKIII-KEIL_SWO.dll V3.3.0.0
Dialog DLL:      TCM.DLL V1.56.6.0
 
<h2>Project:</h2>
D:\SVN\308respository\Source\Quantitative_Cart\Firmware\v2_0\Project\project.uvprojx
Project File Date:  01/07/2026

<h2>Output:</h2>
*** Using Compiler 'V5.06 update 5 (build 528)', folder: 'C:\Users\q1325\AppData\Local\Keil_v5\ARM\ARMCC\Bin'
Rebuild target 'usart_test1'
compiling system_clock.c...
assembling startup_stm32f10x_md.s...
compiling misc.c...
compiling gps.c...
..\Hardware_driver\gps.c(72): warning: C4488E: write to variable 'longtitude_7m' with offset out of bounds
}
..\Hardware_driver\gps.c: 1 warning, 0 errors
compiling stm32f10x_it.c...
compiling core_cm3.c...
compiling pid.c...
compiling IT_control.c...
compiling delay.c...
compiling main.c...
..\User\main.c(82): warning:  #550-D: variable "motor_speed"  was set but never used
  	uint16_t*	motor_speed;
..\User\main.c: 1 warning, 0 errors
compiling public.c...
compiling system_config.c...
compiling communication.c...
compiling OLED.c...
compiling motor.c...
compiling Navigation.c...
compiling system_stm32f10x.c...
compiling stm32f10x_adc.c...
compiling stm32f10x_bkp.c...
compiling stm32f10x_can.c...
compiling stm32f10x_crc.c...
compiling stm32f10x_cec.c...
compiling stm32f10x_dac.c...
compiling stm32f10x_dbgmcu.c...
compiling stm32f10x_dma.c...
compiling stm32f10x_exti.c...
compiling stm32f10x_fsmc.c...
compiling stm32f10x_flash.c...
compiling stm32f10x_gpio.c...
compiling stm32f10x_iwdg.c...
compiling stm32f10x_i2c.c...
compiling stm32f10x_pwr.c...
compiling stm32f10x_rtc.c...
compiling stm32f10x_sdio.c...
compiling stm32f10x_rcc.c...
compiling stm32f10x_spi.c...
compiling stm32f10x_usart.c...
compiling stm32f10x_wwdg.c...
compiling stm32f10x_tim.c...
linking...
Program Size: Code=13672 RO-data=404 RW-data=136 ZI-data=3312  
".\Objects\project.axf" - 0 Error(s), 2 Warning(s).

<h2>Software Packages used:</h2>

Package Vendor: Keil
                https://www.keil.com/pack/Keil.STM32F1xx_DFP.2.4.1.pack
                Keil::STM32F1xx_DFP@2.4.1
                STMicroelectronics STM32F1 Series Device Support, Drivers and Examples

<h2>Collection of Component include folders:</h2>
  C:/Users/q1325/AppData/Local/Arm/Packs/Keil/STM32F1xx_DFP/2.4.1/Device/Include

<h2>Collection of Component Files used:</h2>
Build Time Elapsed:  00:00:03
</pre>
</body>
</html>
